// Jest Snapshot v1, https://goo.gl/fbAQLP

exports[`Tool Dialog Renders component correctly 1`] = `
<div
  aria-hidden="true"
/>
`;

exports[`Tool Dialog Renders component correctly 2`] = `
<div
  aria-hidden="true"
/>
`;

exports[`Tool Dialog Renders component correctly 3`] = `
<div
  aria-hidden="true"
/>
`;

exports[`Tool Dialog Renders component correctly 4`] = `
<div
  aria-hidden="true"
/>
`;

exports[`Tool Dialog Renders component correctly 5`] = `
<div
  aria-hidden="true"
/>
`;

exports[`Tool Dialog Renders component correctly 6`] = `
<div
  aria-hidden="true"
/>
`;

exports[`Tool Dialog Renders component correctly 7`] = `
<div
  aria-hidden="true"
/>
`;

exports[`Tool Dialog Renders component correctly 8`] = `
<div
  aria-hidden="true"
/>
`;

exports[`Tool Dialog Renders component correctly 9`] = `
<div
  aria-hidden="true"
/>
`;

exports[`Tool Dialog Renders component correctly 10`] = `
<div
  aria-hidden="true"
/>
`;

exports[`Tool Dialog Renders component correctly 11`] = `
<div
  aria-hidden="true"
/>
`;

exports[`Tool Dialog Renders component correctly 12`] = `
<div
  aria-hidden="true"
/>
`;

exports[`Tool Dialog Renders component correctly 13`] = `
<div
  aria-hidden="true"
/>
`;

exports[`Tool Dialog Renders component correctly 14`] = `
<div
  aria-hidden="true"
/>
`;

exports[`Tool Dialog Renders component correctly 15`] = `
<div
  aria-hidden="true"
/>
`;

exports[`Tool Dialog Renders component correctly 16`] = `
<div
  aria-hidden="true"
/>
`;

exports[`Tool Dialog Renders component correctly 17`] = `
<div
  aria-hidden="true"
/>
`;

exports[`Tool Dialog Renders component correctly 18`] = `
<div
  aria-hidden="true"
/>
`;

exports[`Tool Dialog Renders component correctly 19`] = `
<div
  aria-hidden="true"
/>
`;

exports[`Tool Dialog Renders component correctly 20`] = `
<div
  aria-hidden="true"
/>
`;

exports[`Tool Dialog Renders component correctly 21`] = `
<div
  aria-hidden="true"
/>
`;

exports[`Tool Dialog Renders component correctly 22`] = `
<div
  aria-hidden="true"
/>
`;

exports[`Tool Dialog Renders component correctly 23`] = `
<div
  aria-hidden="true"
/>
`;

exports[`Tool Dialog Renders component correctly 24`] = `
<div
  aria-hidden="true"
/>
`;

exports[`Tool Dialog Renders component correctly 25`] = `
<div
  aria-hidden="true"
/>
`;

exports[`Tool Dialog Renders component correctly 26`] = `
<div
  aria-hidden="true"
/>
`;

exports[`Tool Dialog Renders component correctly 27`] = `
<div
  aria-hidden="true"
/>
`;

exports[`Tool Dialog Renders component correctly 28`] = `
<div
  aria-hidden="true"
/>
`;

exports[`Tool Dialog Renders component correctly 29`] = `
<div
  aria-hidden="true"
/>
`;

exports[`Tool Dialog Renders component correctly 30`] = `
<div
  aria-hidden="true"
/>
`;

exports[`Tool Dialog Renders component correctly 31`] = `
<div
  aria-hidden="true"
/>
`;

exports[`Tool Dialog Renders component correctly 32`] = `
<div
  aria-hidden="true"
/>
`;

exports[`Tool Dialog Renders component correctly 33`] = `
<div
  aria-hidden="true"
/>
`;

exports[`Tool Dialog Renders component correctly 34`] = `
<div
  aria-hidden="true"
/>
`;

exports[`Tool Dialog Renders component correctly 35`] = `
<div
  aria-hidden="true"
/>
`;

exports[`Tool Dialog Renders component correctly 36`] = `
<div
  aria-hidden="true"
/>
`;

exports[`Tool Dialog Renders component correctly 37`] = `
<div
  aria-hidden="true"
/>
`;

exports[`Tool Dialog Renders component correctly 38`] = `
<div
  aria-hidden="true"
/>
`;

exports[`Tool Dialog Renders component correctly 39`] = `
<div
  aria-hidden="true"
/>
`;

exports[`Tool Dialog Renders component correctly 40`] = `
<div
  aria-hidden="true"
/>
`;

exports[`Tool Dialog Renders component correctly 41`] = `
<div
  aria-hidden="true"
/>
`;

exports[`Tool Dialog Renders component correctly 42`] = `
<div
  aria-hidden="true"
/>
`;

exports[`Tool Dialog Renders component correctly 43`] = `
<div
  aria-hidden="true"
/>
`;

exports[`Tool Dialog Renders component correctly 44`] = `
<div
  aria-hidden="true"
/>
`;

exports[`Tool Dialog Renders component correctly 45`] = `
<div
  aria-hidden="true"
/>
`;

exports[`Tool Dialog Renders component correctly 46`] = `
<div
  aria-hidden="true"
/>
`;

exports[`Tool Dialog Renders component correctly 47`] = `
<div
  aria-hidden="true"
/>
`;

exports[`Tool Dialog Renders component correctly 48`] = `
<div
  aria-hidden="true"
/>
`;

exports[`Tool Dialog Renders component correctly 49`] = `
<div
  aria-hidden="true"
/>
`;

exports[`Tool Dialog Renders component correctly 50`] = `
<div
  aria-hidden="true"
/>
`;

exports[`Tool Dialog Renders component correctly 51`] = `
<div
  aria-hidden="true"
/>
`;

exports[`Tool Dialog Renders component correctly 52`] = `
<div
  aria-hidden="true"
/>
`;

exports[`Tool Dialog Renders component correctly 53`] = `
<div
  aria-hidden="true"
/>
`;

exports[`Tool Dialog Renders component correctly 54`] = `
<div
  aria-hidden="true"
/>
`;

exports[`Tool Dialog Renders component correctly 55`] = `
<div
  aria-hidden="true"
/>
`;

exports[`Tool Dialog Renders component correctly 56`] = `
<div
  aria-hidden="true"
/>
`;

exports[`Tool Dialog Renders component correctly 57`] = `
<div
  aria-hidden="true"
/>
`;

exports[`Tool Dialog Renders component correctly 58`] = `
<div
  aria-hidden="true"
/>
`;

exports[`Tool Dialog Renders component correctly 59`] = `
<div
  aria-hidden="true"
/>
`;

exports[`Tool Dialog Renders component correctly 60`] = `
<div
  aria-hidden="true"
/>
`;

exports[`Tool Dialog Renders component correctly 61`] = `
<div
  aria-hidden="true"
/>
`;

exports[`Tool Dialog Renders component correctly 62`] = `
<div
  aria-hidden="true"
/>
`;

exports[`Tool Dialog Renders component correctly 63`] = `
<div
  aria-hidden="true"
/>
`;

exports[`Tool Dialog Renders component correctly 64`] = `
<div
  aria-hidden="true"
/>
`;

exports[`Tool Dialog Renders component correctly 65`] = `
<div
  aria-hidden="true"
/>
`;

exports[`Tool Dialog Renders component correctly 66`] = `
<div
  aria-hidden="true"
/>
`;
